// Jest Snapshot v1, https://goo.gl/fbAQLP

exports[`The GiftPage component renders correctly 1`] = `
<h3>
  No Data To Display
</h3>
`;
