// Jest Snapshot v1, https://goo.gl/fbAQLP

exports[`The GiftDetails component renders correctly 1`] = `null`;
