// Jest Snapshot v1, https://goo.gl/fbAQLP

exports[`The Search component renders correctly 1`] = `<search />`;
